 0    -112.271646 dasatinib
 0     -78.750320 28
 0     172.505739 66
 0     -41.988643 303
 0     -88.036256 524
 0     -96.653046 578
 0     -85.694025 792
 0    -104.775182 1159
 0     -89.920271 1190
 0     -83.776463 1438
 0     -83.359157 1501
 0     -84.992460 1733
 0     -88.308806 1781
 0     -76.729819 9501716
 0     -92.513307 13230341
 0     -96.303765 13230342
 0     -86.970536 21826123
 0    -101.209870 33236591
 0     -77.511103 34007762
 0     -94.885908 38449852
 0     -84.417229 48271614
 0     -85.099425 48299079
 0     -89.673585 61056455
 0     -95.428328 63248158
 0    -117.873784 66066361
 0     -99.064629 72315533
 0     -94.547696 74423080
 0     -84.711923 74463386
 0     -78.691035 78452518
 0     -91.084809 78650994
 0     -78.483961 80443341
 0     -81.441829 80443347
 0     -97.974497 90092964
 0     -83.085543 92606055
 0     -91.908913 95347324
 0     -79.871255 97084569
 0     -96.365994 110577998
 0     -84.204464 121819829
 0     -68.763407 133187963
 0     -77.402811 142796852
 0    -102.059094 153817010
 0     -96.110437 154186123
 0     -94.050921 175023581
 0     -89.837750 176205125
 0     -99.553271 179933663
 0     -98.238487 180880735
 0     -92.966988 185015159
 0     -79.869716 190415177
 0     -96.537477 191957044
 0     -76.669800 191958133
 0     -89.332329 192784709
 0     -87.138074 272474011
 0     -84.966910 274568161
 0     -88.856717 275410872
 0     -81.538091 275521428
 0     -74.018722 276427411
 0     -80.366596 281225689
 0     -91.600416 298341246
 0     -83.168129 301241317
 0     -85.367904 301606445
 0     -80.105017 301812130
 0     -93.183806 301821417
 0    -100.378588 301821418
 0     -92.553974 302587653
 0     -92.780095 302865957
 0     -94.071306 328610867
 0     -82.274174 328615120
 0     -82.003779 328615121
 0     -90.220897 331567802
 0     -80.395663 331567825
 0     -75.821600 340713872
 0     -88.293038 342542507
 0     -85.140431 346327266
 0     -79.588044 413438134
 0     -73.850981 432928489
 0     -92.966370 434198808
 0     -90.819436 448539215
 0    -109.148018 465458184
 0    -104.826534 480424186
 0    -102.236161 486493070
 0     -97.483394 486630701
 0     -96.633467 497645391
 0    -110.138339 503630885
 0     -90.779463 505727902
 0     -97.861670 513154648
 0     -92.058144 522734250
 0     -95.919749 528132703
 0     -84.027902 528225338
 0     -90.184982 568475436
 0     -87.001613 574859244
 0     -77.275870 578223565
 0     -81.826306 579729807
 0     -92.907059 583242790
 0    -107.986797 590839569
 0     -78.948125 614216777
 0     -80.264987 624177239
 0     -91.379364 624284667
 0     -86.170960 630332898
 0     -84.427295 630541635
 0     -88.464340 630541638
 0     -86.957194 641655354
 0     -90.184193 647138905
 0     -82.336933 647138906
 0     -77.178106 653474690
 0     -85.081763 663701736
 0     -77.210187 664587938
 0     -83.284674 664681553
 0     -82.470942 665705827
 0     -78.460990 665709163
 0     -87.174966 665754685
 0     -94.718824 668825398
 0     -88.776764 669652551
 0     -99.440529 669652552
 0     -82.291518 678392968
 0     -87.204968 747621969
 0    -105.058588 771710410
 0     -88.398857 771710412
 0     -88.357562 775707993
 0    -100.894260 790283204
 0     -90.323917 790945010
 0     -88.874791 827603701
 0     -82.449253 872455131
 0     -87.151756 892894825
 0     -88.992517 893461255
 0     -88.493113 895742824
 0     -77.143539 898726031
 0     -86.381915 899174537
 0     -82.738339 930236002
 0     -90.302417 930781992
 0     -84.431928 932138740
 0     -75.407305 932436643
 0     -89.927513 952889807
 0     -77.754088 956944795
 0     -80.070904 956944796
 0     -86.456054 1120625661
 0     -76.259781 1174885768
 0     -79.956972 1175164193
 0     -78.115297 1186757257
 0     -72.074847 1262209363
 0     -72.041665 1306985536
 0     -93.807828 1331956343
 0     -81.778131 1337303424
 0     -75.906653 1337555577
 0     -84.036703 1338083830
 0     -90.193640 1339808042
 0     -92.270166 1342613141
 0     -92.635754 1342613144
 0     -85.948299 1472785679
 0     -84.577503 1516027740
 0     -78.119737 1604316247
 0     -95.637525 1604316248
 0    -101.937935 1611872747
 0     -86.879522 1614692408
 0     -81.794545 1615611253
 0     -91.314148 1772572789
 0     -76.206621 1772811673
 0     -79.352538 1772812746
 0     -79.146166 1772812748
 0     -91.720667 1775971237
 0     -76.687331 1775972811
 0     -86.410646 1775988444
 0     -88.086305 1775997280
 0     -80.301594 1776002391
 0     -89.819651 1776002396
 0    -104.496092 1776003201
 0     -97.817144 1776003255
 0    -104.486024 1776111702
 0     -91.299662 1857667472
 0     -77.041069 1857667473
 0     -82.894247 1857679496
 0     -78.846295 1857680662
 0     -84.866340 1857692157
 0     -88.056662 1857692158
 0     -80.384832 1857700351
 0     -85.030750 1857708016
 0     -80.660737 1857711226
 0    -103.016693 1875259509
 0     -84.574264 1875267050
 0     -95.374901 1875270332
 0     -96.164540 1875270333
 0     -87.898333 1875282056
 0     -83.733321 1875283398
 0     -78.685343 1875286782
 0     -92.031220 1875288042
 0     -95.445861 1875300030
 0     -92.912828 1875309263
 0     -94.004357 1875318097
 0     -78.722741 1875321053
 0     -92.467176 1875323713
 0     -84.857175 1875323714
 0     -95.106386 1875333279
 0     -92.711938 1875334796
 0     -90.922902 1875334797
 0     -79.983470 1875334815
 0     -82.132631 1875334947
 0    -101.629221 1875339735
 0     -86.635180 1875342395
 0     -88.255052 1875352049
 0     -86.946195 1875352229
 0     -88.999779 1875358993
 0    -109.848946 1875387293
 0     -89.767515 1875389351
 0     -91.888969 1875403736
 0     -78.249395 1888906599
 0     -79.364981 1888906720
 0     -68.643582 1888906812
 0     -73.428889 1888908386
 0     -79.253393 1888908387
 0     -74.467875 1888913245
 0     -76.339509 1888913294
 0     -75.559862 1888913295
 0     -87.347600 1888986378
 0    -103.377338 1889040386
 0     -81.147858 1889186325
 0     -84.058413 1889186675
 0     -74.400433 2037838333
 0     -94.598839 2037880194
 0     -80.563949 2086865341
 0     -77.981314 2087045484
 0     -78.523260 2087045485
 0     -99.533279 2100480689
 0     -86.340410 2100534587
 0     -95.764359 2100539649
 0    -105.786512 2325700251
 0     -98.172253 2325704401
 0     -81.912909 2325732850
 0     -93.952569 2325739807
 0     -77.774024 2325774156
 0     -87.522126 2325786897
 0     -79.618641 2325810563
 0     -78.598287 2325818776
 0    -100.197919 2325824596
 0    -102.853558 2325825025
 0     -97.772041 2325825321
 0     -99.126526 2325825322
 0     -91.991873 2325827712
 0    -110.552206 2325830885
 0    -126.907941 2325831987
 0     -93.486832 2325841329
 0    -108.683259 2325843629
 0    -106.500725 2325844257
 0     -81.159748 2325860377
 0     -99.950736 2325862250
 0     -87.094512 2325870620
 0     -88.920503 2325870855
 0     -81.809750 2325870856
 0     -97.244688 2325875954
 0    -102.077965 2325875955
 0    -105.452256 2325876257
 0     -90.165647 2356135070
 0     -88.426599 2356147972
 0     -88.929073 2356149515
 0     -82.519120 2356150303
 0     -93.904335 2356152769
 0     -88.532298 2356153831
 0     -86.475655 2356156500
 0     -99.356769 2356169402
 0     -81.654875 2356170311
 0     -93.910461 ZINC000000083743
 0     -84.304568 ZINC000000104097
 0     -69.463783 ZINC000000144049
 0     -86.049975 ZINC000000183193
 0     -86.743762 ZINC000000195122
 0     -84.219511 ZINC000000200574
 0     -83.123131 ZINC000000200584
 0     -71.540282 ZINC000000245257
 0     -76.766702 ZINC000000256336
 0     -99.673233 ZINC000000320590
 0     -86.672721 ZINC000000320592
 0     -94.830359 ZINC000000320594
 0     -75.323595 ZINC000000348947
 0     -80.523765 ZINC000000411487
 0     -93.255251 ZINC000000426382
 0     -80.907709 ZINC000000459730
 0     -79.610693 ZINC000000521923
 0     -79.089164 ZINC000000554442
 0     -93.011660 ZINC000000639677
 0     -87.682166 ZINC000000645447
 0     -88.453791 ZINC000000648840
 0    -122.297080 ZINC000000648974
 0     -93.708216 ZINC000000648977
 0     -95.856119 ZINC000000649085
 0    -103.164057 ZINC000000649086
 0     -96.964679 ZINC000000649089
 0    -103.126672 ZINC000000649101
 0    -105.807232 ZINC000000649116
 0    -109.454648 ZINC000000649122
 0    -110.625218 ZINC000000649296
 0    -116.021576 ZINC000000649527
 0     -99.413140 ZINC000000649540
 0    -106.619494 ZINC000000649564
 0     -99.776399 ZINC000000649569
 0     -96.456031 ZINC000000787947
 0     -98.256124 ZINC000000787996
 0     -88.870514 ZINC000000799069
 0     -81.888849 ZINC000000806640
 0     -81.961790 ZINC000000815293
 0     -89.277271 ZINC000000815310
 0     -86.087147 ZINC000000815364
 0     -90.498257 ZINC000000997744
 0     -90.307554 ZINC000001003098
 0    -101.499039 ZINC000001003166
 0    -105.493795 ZINC000001003196
 0     -94.282380 ZINC000001056841
 0     -89.830673 ZINC000001060349
 0     -80.910470 ZINC000001061866
 0    -107.094324 ZINC000001071552
 0     -89.168452 ZINC000001073564
 0     -90.085613 ZINC000001074082
 0     -91.190888 ZINC000001112169
 0     -96.345653 ZINC00001304002
 0     -83.521413 ZINC000001326755
 0     -93.616880 ZINC000001334841
 0    -101.415372 ZINC000001339486
 0     -71.565868 ZINC000001368931
 0     -92.037227 ZINC000001386794
 0     -84.325656 ZINC000001386800
 0     -87.870262 ZINC000001387062
 0     -79.856261 ZINC000001387071
 0     -80.585538 ZINC000001406300
 0     -80.563974 ZINC000001468185
 0     -78.576933 ZINC000001562381
 0     -80.397759 ZINC000001576938
 0     -92.625379 ZINC000001576943
 0     -89.212470 ZINC000001576944
 0     -72.816937 ZINC000001581350
 0    -103.457651 ZINC000001584923
 0     -78.976513 ZINC000001672337
 0     -77.443436 ZINC000001718464
 0     -81.132218 ZINC000001718465
 0     -80.592281 ZINC000001718487
 0     -92.539494 ZINC000001773015
 0     -86.268932 ZINC000001831844
 0     -77.854290 ZINC000001845560
 0     -92.053018 ZINC000002079778
 0     -97.420201 ZINC000002081258
 0     -87.641856 ZINC000002081490
 0     -89.460097 ZINC000002081506
 0     -91.279646 ZINC000002081549
 0     -88.239425 ZINC000002081697
 0     -90.355369 ZINC000002081757
 0     -87.559426 ZINC000002084508
 0     -89.601835 ZINC000002086044
 0    -104.659792 ZINC000002106201
 0    -103.775494 ZINC000002107769
 0     -95.724246 ZINC000002107792
 0    -119.231902 ZINC000002107799
 0     -90.935997 ZINC000002107802
 0     -96.293066 ZINC000002107808
 0     -89.486369 ZINC000002107812
 0    -107.453525 ZINC000002107819
 0    -108.904311 ZINC000002107823
 0    -108.062104 ZINC000002107831
 0    -108.525310 ZINC000002107845
 0     -99.038494 ZINC000002107848
 0    -101.623756 ZINC000002108009
 0    -111.379800 ZINC000002108762
 0    -118.896870 ZINC000002108932
 0     -85.674770 ZINC000002115031
 0     -94.272439 ZINC000002198444
 0     -83.011327 ZINC000002205320
 0     -87.404278 ZINC000002266749
 0     -81.441278 ZINC000002267140
 0     -83.621925 ZINC000002268205
 0     -89.050128 ZINC000002270123
 0     -88.131935 ZINC000002334039
 0    -103.432649 ZINC000002341883
 0     -79.266431 ZINC000002365648
 0     -86.977094 ZINC000002571037
 0     -83.834991 ZINC000002634582
 0     -85.882107 ZINC000002637436
 0     -82.304286 ZINC000002653597
 0     -93.020421 ZINC000002715176
 0     -74.036076 ZINC000002719599
 0     -87.696934 ZINC000002726142
 0     -97.026214 ZINC000002729660
 0     -94.535158 ZINC000002738338
 0     -95.251948 ZINC000002741683
 0     -84.786034 ZINC000002746871
 0     -85.773710 ZINC000002753343
 0     -87.506089 ZINC000002766008
 0     -99.331975 ZINC000002768244
 0     -94.521352 ZINC000002769570
 0    -100.617456 ZINC000002769897
 0     -94.456018 ZINC000002769918
 0    -106.508957 ZINC000002769946
 0     -90.588664 ZINC000002770025
 0     -91.140558 ZINC000002770098
 0     -89.503884 ZINC000002770171
 0    -100.057022 ZINC000002770178
 0     -89.375528 ZINC000002770288
 0    -106.686620 ZINC000002770309
 0     -84.616069 ZINC000002770361
 0    -102.327304 ZINC000002770408
 0    -103.137924 ZINC000002770463
 0    -124.405946 ZINC000002770543
 0     -94.550562 ZINC000002773581
 0    -107.225997 ZINC000002776709
 0     -83.021670 ZINC000002776835
 0     -84.709998 ZINC000002777565
 0     -95.602293 ZINC000002778700
 0    -106.541915 ZINC000002778872
 0     -99.640637 ZINC000002778938
 0    -106.702313 ZINC000002779157
 0     -97.041445 ZINC000002779181
 0    -102.420119 ZINC000002779273
 0     -94.897415 ZINC000002780272
 0    -112.280108 ZINC000002780757
 0    -103.470875 ZINC000002781306
 0     -99.936332 ZINC000002781338
 0    -115.478903 ZINC000002782484
 0     -92.109768 ZINC000002792603
 0    -101.475760 ZINC000002792619
 0     -98.290568 ZINC000002793518
 0     -92.363902 ZINC000002794069
 0     -84.225829 ZINC000002794176
 0    -100.563680 ZINC000002797736
 0     -95.708082 ZINC000002806427
 0     -94.280648 ZINC000002835344
 0     -85.407707 ZINC000002867502
 0     -87.974120 ZINC000002867752
 0    -100.452052 ZINC000002868164
 0     -77.456040 ZINC000002870392
 0    -101.584330 ZINC000002873916
 0     -96.067779 ZINC000002875763
 0     -98.401499 ZINC000002884963
 0     -87.534211 ZINC000002922066
 0    -112.626624 ZINC000003143152
 0     -84.992432 ZINC000003175382
 0     -85.201693 ZINC000003207476
 0     -95.139016 ZINC000003212184
 0     -94.820164 ZINC000003221435
 0     -96.740743 ZINC000003229865
 0     -94.260566 ZINC000003235486
 0     -69.617835 ZINC000003235923
 0     -71.232768 ZINC000003235925
 0     -91.106602 ZINC000003236396
 0     -81.629176 ZINC000003266941
 0     -79.278760 ZINC000003283821
 0     -72.749648 ZINC000003284171
 0     -79.571686 ZINC000003288819
 0     -75.426299 ZINC000003304465
 0     -78.181911 ZINC000003304466
 0     -98.612137 ZINC000003313078
 0     -84.704145 ZINC000003337710
 0     -75.204145 ZINC000003418600
 0     -66.177285 ZINC000003418766
 0     -80.559359 ZINC000003604829
 0     -79.586625 ZINC00003661909
 0    -100.839523 ZINC000003896528
 0     -92.608989 ZINC000003896529
 0     -84.455664 ZINC000003896532
 0     -86.969500 ZINC000003896533
 0     -90.713801 ZINC000003896540
 0     -92.875252 ZINC000003896546
 0     -87.296753 ZINC000003896547
 0     -85.319827 ZINC000003896548
 0     -87.571630 ZINC000003896549
 0     -80.299166 ZINC000003896551
 0     -95.598238 ZINC000003896552
 0     -85.857876 ZINC000003906478
 0     -84.351186 ZINC000003953646
 0     -91.418430 ZINC000004141725
 0     -92.161816 ZINC000004179533
 0     -96.110889 ZINC000004322993
 0     -79.188085 ZINC000004331358
 0     -90.613121 ZINC000004354744
 0     -76.347116 ZINC000004354749
 0     -79.090678 ZINC000004354764
 0     -80.052580 ZINC000004354768
 0     -83.931377 ZINC000004354773
 0     -93.749855 ZINC000004385772
 0     -72.989552 ZINC000004475702
 0     -80.801536 ZINC000004487022
 0    -101.105822 ZINC000004597412
 0     -95.854794 ZINC000004674086
 0     -85.625499 ZINC000004733442
 0     -84.004030 ZINC000004733454
 0     -98.601874 ZINC000004733461
 0     -92.108154 ZINC000004733464
 0     -90.536303 ZINC000004733469
 0     -96.887918 ZINC000004733472
 0     -87.061714 ZINC000004733473
 0    -104.568503 ZINC000004733480
 0    -104.559939 ZINC000004733486
 0     -78.556325 ZINC000004734117
 0     -96.715330 ZINC000004734159
 0     -96.424527 ZINC000004734185
 0     -98.533114 ZINC000004735147
 0     -75.378456 ZINC000004753318
 0     -90.759778 ZINC000004817084
 0     -86.339151 ZINC000004834924
 0     -72.847863 ZINC000004894788
 0     -75.197365 ZINC000004898011
 0     -95.987687 ZINC000004898929
 0     -75.820716 ZINC000004923146
 0     -90.376314 ZINC000004953890
 0     -76.406241 ZINC000004959730
 0     -88.589087 ZINC000004968522
 0    -103.146463 ZINC000004982921
 0     -92.739498 ZINC000004983231
 0     -88.595763 ZINC000004985343
 0    -106.476807 ZINC000004985507
 0     -78.593369 ZINC000005024746
 0     -98.446922 ZINC000005029841
 0     -93.534323 ZINC000005054644
 0     -90.899585 ZINC000005065854
 0     -85.545645 ZINC000005240560
 0     -94.087429 ZINC000005246641
 0     -84.757206 ZINC000005250586
 0     -91.259057 ZINC000005264388
 0     -91.677245 ZINC000005264394
 0     -89.337573 ZINC000005269948
 0     -86.966876 ZINC000005269964
 0    -105.758890 ZINC000005313843
 0    -104.867185 ZINC000005333607
 0     -93.001426 ZINC000005345177
 0     -73.276126 ZINC000005345595
 0     -89.801095 ZINC000005345853
 0     -84.866337 ZINC000005346385
 0     -88.955091 ZINC000005347491
 0     -99.028007 ZINC000005351315
 0     -97.871580 ZINC000005453710
 0     -88.961444 ZINC000005455744
 0     -80.257864 ZINC000005511117
 0     -79.118490 ZINC000005579639
 0     -93.090985 ZINC000005579640
 0     -80.719035 ZINC000005687637
 0     -76.725083 ZINC000005687641
 0     -78.934724 ZINC000005937555
 0     -82.735214 ZINC000005938726
 0    -105.550665 ZINC000006462292
 0    -102.027873 ZINC000006462304
 0     -95.888198 ZINC000006462305
 0     -94.253247 ZINC000006507554
 0     -86.886480 ZINC000006530316
 0     -79.073266 ZINC000006566264
 0     -78.700603 ZINC000006616386
 0     -98.356361 ZINC000006660523
 0     -95.282335 ZINC000006732876
 0     -98.324619 ZINC000006791296
 0    -102.072808 ZINC000006804970
 0     -95.747154 ZINC000006804975
 0    -101.714092 ZINC000006804976
 0     -87.488835 ZINC000006829151
 0     -93.965319 ZINC000006897271
 0     -97.580521 ZINC000007004107
 0     -90.027797 ZINC000007060152
 0     -84.814504 ZINC000007337594
 0     -81.571760 ZINC000007337618
 0     -84.950124 ZINC000007337621
 0     -91.811769 ZINC000007337626
 0     -86.644792 ZINC000007498955
 0     -94.743863 ZINC000007738604
 0     -83.982195 ZINC000007813586
 0     -70.945944 ZINC000007814651
 0     -77.248069 ZINC000007983234
 0     -95.134276 ZINC000007987307
 0     -82.626818 ZINC000008149271
 0     -90.897618 ZINC000008231140
 0     -76.397249 ZINC000008315873
 0     -93.011061 ZINC000008327509
 0     -82.559110 ZINC000008344415
 0     -79.407186 ZINC000008508590
 0     -76.046879 ZINC000008583015
 0     -91.959049 ZINC000008583114
 0    -100.344405 ZINC000008584575
 0     -83.576179 ZINC000008594601
 0     -89.056257 ZINC000008594705
 0    -103.442413 ZINC000008706522
 0     -82.201523 ZINC000008706892
 0     -90.205453 ZINC000008708826
 0     -90.609679 ZINC000008725260
 0     -78.228699 ZINC000008728068
 0     -97.526268 ZINC000008746409
 0     -90.365102 ZINC000008860289
 0     -94.407599 ZINC000008940568
 0     -87.611628 ZINC000008947877
 0     -83.270757 ZINC000009009473
 0     -80.714546 ZINC000009056709
 0    -101.283071 ZINC000009074830
 0     -92.436162 ZINC000009074886
 0     -86.151910 ZINC000009074903
 0     -90.114746 ZINC000009074905
 0     -98.342674 ZINC000009074908
 0    -106.074072 ZINC000009074911
 0    -113.632638 ZINC000009074916
 0     -90.262736 ZINC000009074922
 0     -84.188207 ZINC000009074927
 0     -80.913361 ZINC000009074928
 0     -90.560615 ZINC000009074932
 0     -94.410857 ZINC000009074933
 0     -81.077751 ZINC000009074949
 0     -79.885082 ZINC000009074957
 0     -93.735800 ZINC000009074969
 0     -89.647372 ZINC000009074976
 0     -84.720860 ZINC000009074981
 0     -92.364946 ZINC000009075003
 0     -87.530498 ZINC000009075005
 0     -86.887201 ZINC000009075025
 0     -92.701119 ZINC000009075027
 0     -89.042106 ZINC000009075047
 0     -86.770496 ZINC000009075068
 0     -98.089741 ZINC000009116924
 0    -101.393185 ZINC000009116956
 0     -97.546097 ZINC000009119377
 0    -103.864763 ZINC000009142856
 0    -104.876038 ZINC000009222885
 0    -105.274561 ZINC000009253330
 0     -96.862706 ZINC000009290201
 0     -84.328724 ZINC000009332863
 0     -94.219417 ZINC000009360482
 0     -93.908475 ZINC000009366930
 0     -83.742361 ZINC000009409774
 0    -118.783992 ZINC000009467090
 0     -98.686436 ZINC000009514186
 0     -78.720370 ZINC000009532120
 0    -104.707381 ZINC000009606174
 0     -90.860788 ZINC000009641754
 0     -99.655534 ZINC000009666355
 0     -85.045584 ZINC000009669879
 0    -102.976478 ZINC000009670536
 0     -76.705544 ZINC000009740970
 0    -103.313039 ZINC000009829958
 0     -91.283186 ZINC000009954561
 0     -96.617538 ZINC000009968964
 0     -82.752564 ZINC000010513142
 0     -90.738440 ZINC000010517131
 0     -91.788935 ZINC000010660589
 0     -85.797721 ZINC000010959022
 0     -76.937149 ZINC000010961212
 0     -82.088016 ZINC000010961309
 0    -101.916342 ZINC000011246799
 0     -89.986389 ZINC000011469890
 0     -89.916677 ZINC000011663472
 0     -90.655388 ZINC000011663721
 0     -91.336910 ZINC000011723502
 0     -96.545893 ZINC000012088147
 0     -83.757501 ZINC000012113825
 0     -82.029643 ZINC000012227171
 0     -95.996160 ZINC000012227301
 0     -77.484508 ZINC000012227509
 0     -83.028567 ZINC000012300862
 0     -87.861653 ZINC000012438507
 0     -91.387115 ZINC000012447059
 0     -82.282175 ZINC000012499064
 0     -77.985453 ZINC000012506997
 0     -96.346375 ZINC000012507701
 0     -93.344461 ZINC000012520766
 0     -92.035519 ZINC000012525357
 0     -95.656311 ZINC000012537580
 0     -91.251309 ZINC000012540867
 0     -90.909554 ZINC000012551240
 0     -83.107618 ZINC000012559676
 0    -107.675767 ZINC000012604410
 0    -103.572566 ZINC000012633294
 0     -97.109968 ZINC000012644279
 0     -90.177462 ZINC000012736774
 0     -95.033828 ZINC000012739272
 0    -102.012910 ZINC000012739284
 0     -92.294041 ZINC000012766330
 0    -102.326490 ZINC000012766865
 0     -86.378792 ZINC000012769772
 0     -87.271638 ZINC000012780830
 0     -82.607127 ZINC000012784540
 0     -81.551710 ZINC000012785336
 0     -91.815453 ZINC000012791393
 0     -89.655440 ZINC000012793511
 0     -92.197821 ZINC000012799321
 0     -93.419593 ZINC000012846047
 0     -76.950897 ZINC000012865006
 0     -74.428994 ZINC000012875073
 0     -84.165368 ZINC000012876622
 0     -92.405919 ZINC000012879863
 0     -79.927272 ZINC000012895942
 0     -92.879855 ZINC000012901595
 0     -78.498158 ZINC000012906698
 0     -83.759056 ZINC000012906703
 0     -87.805756 ZINC000012926767
 0     -86.896597 ZINC000012929854
 0     -94.488262 ZINC000012929860
 0    -100.725966 ZINC000012929867
 0     -82.938076 ZINC000012981102
 0     -85.494643 ZINC000013008325
 0     -95.775532 ZINC000013010849
 0     -89.810650 ZINC000013011015
 0    -105.467904 ZINC000013029346
 0     -80.701521 ZINC000013040023
 0     -95.634066 ZINC000013040024
 0    -103.457858 ZINC000013068416
 0    -110.654696 ZINC000013083113
 0    -117.117279 ZINC000013083193
 0     -93.295174 ZINC000013083200
 0     -87.903821 ZINC000013083615
 0     -97.007606 ZINC000013083621
 0     -90.897694 ZINC000013083639
 0    -108.347639 ZINC000013083681
 0     -93.963528 ZINC000013129117
 0     -91.036398 ZINC000013129382
 0     -79.271220 ZINC000013130267
 0     -95.365590 ZINC000013148251
 0     -82.315906 ZINC000013148443
 0     -93.893601 ZINC000013364724
 0     -94.908291 ZINC000013573024
 0     -95.378150 ZINC000013573026
 0     -75.753111 ZINC000013602715
 0    -107.238544 ZINC000013636535
 0    -102.208358 ZINC000013640572
 0     -99.820056 ZINC000013641455
 0    -107.750171 ZINC000013641517
 0     -82.364858 ZINC000013644362
 0    -101.924410 ZINC000013644467
 0     -78.641019 ZINC000013686899
 0     -83.873046 ZINC000013691769
 0     -83.258707 ZINC000013719236
 0     -96.301711 ZINC000013724658
 0     -93.710662 ZINC000013731973
 0    -111.235860 ZINC000013959213
 0     -90.727931 ZINC000013959910
 0    -110.311399 ZINC000013960930
 0     -85.585829 ZINC000013961143
 0     -93.813041 ZINC000013961191
 0    -100.482247 ZINC000013961192
 0    -109.156167 ZINC000013961194
 0     -97.462644 ZINC000013961199
 0     -99.289519 ZINC000013961206
 0     -87.593852 ZINC000013961241
 0     -90.938291 ZINC000013961343
 0     -95.470407 ZINC000013961374
 0    -119.933637 ZINC000013961449
 0     -76.620076 ZINC000014077714
 0     -79.274638 ZINC000014092689
 0    -101.884483 ZINC000014197924
 0     -81.651314 ZINC000014207962
 0     -84.446597 ZINC000014210784
 0     -89.709442 ZINC000014212072
 0     -84.877170 ZINC000014235278
 0     -92.499237 ZINC000014236864
 0     -86.750137 ZINC000014241267
 0     -99.564248 ZINC000014241575
 0     -97.218768 ZINC000014279753
 0     -88.263656 ZINC000014814541
 0     -91.354088 ZINC000015113565
 0     -93.274570 ZINC000015141080
 0    -103.808464 ZINC000015141081
 0     -85.612620 ZINC000015154022
 0     -92.477380 ZINC000015163627
 0     -88.981996 ZINC000015414016
 0     -92.833065 ZINC000015414019
 0     -91.430943 ZINC000015414252
 0     -89.195845 ZINC000015414267
 0     -84.542023 ZINC000015593800
 0     -94.831425 ZINC000015780355
 0     -80.422848 ZINC000015786665
 0     -90.881704 ZINC000015840941
 0     -91.543056 ZINC000015922165
 0     -92.094700 ZINC000016162616
 0    -104.560106 ZINC000016291028
 0    -107.194641 ZINC000016426069
 0     -94.557088 ZINC000016599785
 0    -100.080520 ZINC000016689840
 0    -104.333244 ZINC000016942726
 0     -87.654765 ZINC000016944482
 0     -83.095403 ZINC000016994171
 0     -94.991096 ZINC000017026449
 0     -88.488226 ZINC000017026451
 0     -87.024597 ZINC000017026453
 0     -77.336875 ZINC000017026455
 0     -82.972191 ZINC000017071253
 0     -83.497131 ZINC000017075265
 0     -85.523088 ZINC000017077058
 0     -92.386228 ZINC000017088446
 0     -99.325209 ZINC000017093359
 0     -87.226972 ZINC000017093953
 0     -93.190286 ZINC000017094907
 0     -95.465656 ZINC000017097074
 0     -97.536591 ZINC000017099436
 0     -83.182460 ZINC000017121529
 0     -78.948397 ZINC000017121534
 0     -81.404103 ZINC000017121577
 0     -89.345596 ZINC000017121591
 0     -74.869807 ZINC000017137695
 0     -91.724949 ZINC000017179938
 0     -90.541641 ZINC000017196681
 0    -112.425476 ZINC000017270456
 0     -91.067988 ZINC000017287552
 0     -79.528763 ZINC000017306894
 0     -86.220549 ZINC000017308039
 0     -90.407326 ZINC000017418716
 0     -95.496937 ZINC000017729716
 0     -95.917549 ZINC000018173147
 0     -98.845637 ZINC000018222017
 0     -77.077239 ZINC000019077185
 0     -99.862879 ZINC000019078030
 0    -105.543740 ZINC000019078052
 0     -90.800105 ZINC000019078310
 0     -97.533160 ZINC000019078415
 0     -79.318324 ZINC000019078653
 0     -81.888984 ZINC000019079753
 0     -83.194197 ZINC000019103733
 0     -93.371573 ZINC000019109668
 0     -88.483654 ZINC000019116553
 0    -105.972959 ZINC000019143211
 0    -108.058081 ZINC000019143214
 0     -83.715328 ZINC000019521739
 0     -89.826760 ZINC000019643576
 0     -97.850470 ZINC000019714883
 0     -99.397471 ZINC000019717583
 0     -90.386904 ZINC000019718456
 0     -76.296010 ZINC000019948516
 0     -87.218151 ZINC000020182021
 0     -90.308313 ZINC000020213446
 0    -119.255383 ZINC000020215299
 0    -109.828649 ZINC000020215301
 0     -88.059142 ZINC000020343063
 0    -102.808359 ZINC000020355988
 0     -96.447857 ZINC000020356008
 0    -105.396254 ZINC000020606494
 0     -93.756247 ZINC000020615748
 0     -97.490515 ZINC000020661985
 0     -91.795659 ZINC000020661995
 0     -89.369842 ZINC000020661997
 0    -111.811184 ZINC000020669229
 0    -109.659690 ZINC000020774706
 0     -96.589817 ZINC000020917168
 0     -89.338486 ZINC000021657854
 0     -75.250130 ZINC000021661438
 0     -94.025875 ZINC000021673992
 0     -89.061695 ZINC000021826644
 0     -92.602128 ZINC000021832166
 0     -99.682392 ZINC000021841861
 0     -76.803046 ZINC000022023048
 0    -105.380369 ZINC000022052515
 0    -106.504995 ZINC000022052519
 0     -97.740409 ZINC000022052595
 0    -104.053803 ZINC000022052600
 0    -110.118295 ZINC000022052790
 0     -97.430065 ZINC000022052794
 0    -100.294179 ZINC000022052924
 0     -93.586363 ZINC000022052929
 0    -100.936937 ZINC000022139860
 0     -84.088231 ZINC000022292300
 0     -90.322453 ZINC000022389307
 0     -87.941996 ZINC000022389309
 0     -89.056441 ZINC000022405559
 0     -83.517674 ZINC000022475775
 0    -111.742588 ZINC000022565059
 0     -97.378680 ZINC000022735944
 0     -91.476547 ZINC000022735948
 0    -104.036571 ZINC000022832761
 0    -105.252968 ZINC000022834913
 0     -93.853531 ZINC000022834916
 0    -100.672571 ZINC000022837590
 0     -81.364691 ZINC000022838233
 0     -97.787792 ZINC000022838343
 0     -89.679822 ZINC000022861569
 0     -87.813103 ZINC000023007737
 0     -87.688165 ZINC000023043302
 0     -91.940842 ZINC000023380915
 0     -80.972257 ZINC000023618955
 0     -97.363482 ZINC000023692860
 0     -90.886831 ZINC000023881741
 0    -101.015832 ZINC000024040871
 0     -94.517635 ZINC000024466255
 0     -95.817638 ZINC000024748893
 0     -84.339503 ZINC000024841625
 0     -91.080109 ZINC000024904626
 0     -88.444355 ZINC000024991580
 0     -83.594232 ZINC000025043241
 0     -78.706988 ZINC000025051220
 0    -105.568762 ZINC000025171187
 0     -88.100457 ZINC000025285431
 0     -77.329751 ZINC000025523030
 0     -80.758294 ZINC000025567266
 0     -88.667017 ZINC000025567267
 0     -95.092120 ZINC000025748465
 0     -93.111840 ZINC000025748635
 0    -102.461511 ZINC000026235604
 0     -82.050305 ZINC000026692224
 0     -83.526278 ZINC000026694925
 0     -84.544429 ZINC000026703492
 0     -83.593436 ZINC000026779863
 0     -85.096197 ZINC000026779870
 0    -101.473094 ZINC000026871703
 0     -78.806826 ZINC000027041022
 0     -96.417529 ZINC000027299063
 0     -85.301258 ZINC000027666404
 0     -92.325282 ZINC000027666406
 0     -75.432183 ZINC000027666408
 0     -78.184264 ZINC000027666410
 0     -86.889791 ZINC000027666411
 0     -83.147110 ZINC000027666413
 0     -86.695853 ZINC000027666414
 0     -85.757674 ZINC000027666416
 0     -82.967116 ZINC000027666418
 0     -81.412278 ZINC000027666419
 0     -90.994627 ZINC000027666421
 0     -89.384796 ZINC000027666423
 0     -94.069608 ZINC000027666425
 0     -96.788072 ZINC000027666426
 0     -90.574718 ZINC000027666428
 0     -88.895195 ZINC000027666429
 0     -95.457673 ZINC000027666431
 0     -88.649368 ZINC000027666433
 0     -96.611302 ZINC000027666435
 0     -99.472009 ZINC000027666436
 0     -87.586824 ZINC000027666438
 0     -94.696269 ZINC000027666440
 0     -93.100070 ZINC000027666441
 0     -85.374177 ZINC000027666443
 0     -84.890649 ZINC000027666445
 0     -94.339103 ZINC000027666447
 0     -93.496495 ZINC000027666449
 0     -77.645555 ZINC000027666450
 0    -103.494677 ZINC000027666452
 0     -84.146879 ZINC000027666454
 0     -82.144104 ZINC000027666456
 0     -84.493286 ZINC000027666457
 0     -91.910485 ZINC000027666459
 0     -83.023446 ZINC000027666461
 0     -87.572115 ZINC000027666463
 0     -80.892546 ZINC000027666464
 0     -86.841466 ZINC000027666466
 0     -83.791382 ZINC000027666468
 0     -83.622434 ZINC000027666470
 0     -86.345890 ZINC000027795902
 0     -91.035430 ZINC000027977100
 0     -77.865317 ZINC000027983162
 0     -76.740248 ZINC000028222217
 0     -75.749403 ZINC000028223907
 0     -76.435410 ZINC000028224647
 0     -93.139944 ZINC000028251774
 0    -101.748518 ZINC000028296489
 0     -97.313363 ZINC000029121957
 0     -93.306918 ZINC000030526632
 0     -85.777915 ZINC000030587613
 0     -93.357021 ZINC000030587615
 0     -80.279440 ZINC000030587662
 0     -89.743770 ZINC000030691817
 0     -86.553924 ZINC000031784818
 0     -86.097365 ZINC000031785225
 0     -95.899396 ZINC000031886264
 0     -86.339891 ZINC000031949082
 0     -93.479264 ZINC000032105174
 0     -80.369993 ZINC000032508880
 0     -73.444461 ZINC000032508881
 0     -75.741148 ZINC000032508885
 0     -79.440218 ZINC000032523781
 0     -80.440993 ZINC000032550953
 0     -89.258806 ZINC000032578507
 0     -94.163630 ZINC000032580857
 0    -100.501541 ZINC000032610679
 0     -88.848156 ZINC000032648569
 0     -73.608815 ZINC000032649981
 0     -87.257076 ZINC000032649987
 0     -91.087694 ZINC000032650105
 0     -85.550784 ZINC000032650585
 0    -104.982647 ZINC000032721492
 0     -89.034988 ZINC000032753009
 0    -101.661198 ZINC000032768213
 0     -79.278407 ZINC000032803852
 0     -97.865233 ZINC000032810684
 0     -79.390044 ZINC000032853423
 0     -92.227086 ZINC000032853577
 0     -83.820468 ZINC000032853579
 0     -88.067159 ZINC000032858214
 0    -116.719228 ZINC000032869565
 0     -99.018773 ZINC000032870565
 0    -100.347219 ZINC000032885628
 0     -95.476575 ZINC000032907699
 0     -97.480033 ZINC000032910901
 0     -88.610833 ZINC000032911807
 0    -101.838807 ZINC000032934483
 0    -100.287616 ZINC000032934485
 0    -100.869413 ZINC000032983195
 0    -113.508368 ZINC000032983197
 0     -97.424920 ZINC000033067691
 0     -79.622398 ZINC000033533813
 0    -106.692241 ZINC000034014624
 0     -82.082532 ZINC000035311010
 0     -79.536436 ZINC000035311695
 0     -85.342629 ZINC000035314189
 0    -100.354799 ZINC000035606570
 0     -93.954790 ZINC000035615740
 0     -92.625819 ZINC000035615742
 0     -94.417224 ZINC000035615745
 0     -89.664239 ZINC000035622633
 0    -115.820087 ZINC000035681893
 0    -105.780394 ZINC000035681973
 0     -95.217504 ZINC000035681975
 0     -97.926164 ZINC000035681978
 0     -95.178153 ZINC000035681980
 0     -76.942025 ZINC000035781451
 0     -71.078292 ZINC000035781654
 0     -92.958850 ZINC000036092610
 0     -93.925903 ZINC000036392978
 0     -86.357849 ZINC000036395266
 0     -91.861350 ZINC000036395462
 0     -94.361566 ZINC000036395699
 0    -104.553027 ZINC000036396655
 0    -105.670814 ZINC000036396656
 0     -94.132634 ZINC000036611941
 0     -90.190003 ZINC000036613206
 0     -98.576820 ZINC000036613304
 0     -92.433801 ZINC000036613360
 0     -92.123181 ZINC000036613436
 0    -108.140660 ZINC000036613551
 0    -103.914208 ZINC000036613554
 0     -98.149996 ZINC000036613642
 0     -80.365152 ZINC000036613643
 0     -91.172709 ZINC000036613673
 0    -102.902019 ZINC000036613734
 0     -83.004865 ZINC000036613784
 0     -91.870449 ZINC000036613819
 0    -107.198371 ZINC000036613853
 0     -85.391521 ZINC000036613941
 0     -89.873196 ZINC000036614059
 0     -87.866391 ZINC000036614124
 0     -85.869558 ZINC000036614221
 0     -88.395436 ZINC000036614228
 0    -101.165398 ZINC000036614264
 0     -89.633623 ZINC000036614299
 0     -92.647510 ZINC000036615783
 0     -96.335735 ZINC000036615812
 0     -96.287185 ZINC000036615860
 0     -98.930765 ZINC000036615880
 0     -88.086290 ZINC000036615892
 0     -99.886253 ZINC000036615924
 0     -99.279633 ZINC000036616019
 0     -86.623837 ZINC000036616048
 0    -106.968095 ZINC000036616135
 0     -91.063353 ZINC000036616152
 0     -87.774613 ZINC000036616153
 0     -86.831050 ZINC000036616169
 0     -89.538153 ZINC000036616211
 0     -87.696965 ZINC000036616272
 0     -94.681604 ZINC000036616288
 0     -97.857297 ZINC000036616292
 0     -80.405250 ZINC000036616335
 0     -98.973217 ZINC000036616344
 0     -88.261291 ZINC000036616358
 0    -100.515894 ZINC000036616366
 0     -90.068205 ZINC000036616406
 0     -90.659660 ZINC000036616430
 0     -90.024222 ZINC000036616442
 0     -84.602793 ZINC000036616484
 0     -79.314011 ZINC000036616505
 0     -86.925687 ZINC000036616593
 0     -93.279621 ZINC000036616597
 0     -95.221012 ZINC000036616642
 0     -86.246544 ZINC000036616655
 0     -97.157707 ZINC000036616699
 0     -86.459200 ZINC000036616749
 0     -86.261093 ZINC000036616815
 0     -97.903909 ZINC000036616853
 0     -87.747197 ZINC000036616904
 0     -92.389520 ZINC000036616907
 0     -88.342636 ZINC000036616914
 0     -91.722657 ZINC000036617375
 0     -93.992771 ZINC000036617410
 0    -104.997603 ZINC000036617465
 0     -93.273235 ZINC000036618372
 0    -109.681267 ZINC000036618421
 0    -115.582134 ZINC000036618530
 0     -95.452309 ZINC000036618533
 0     -98.646318 ZINC000036618913
 0    -104.701737 ZINC000036618930
 0     -95.283305 ZINC000036618961
 0    -103.777733 ZINC000036618984
 0    -105.657084 ZINC000036619008
 0     -95.851572 ZINC000036619044
 0    -101.844048 ZINC000036619050
 0    -100.852718 ZINC000036619089
 0     -91.819959 ZINC000036619132
 0    -106.423317 ZINC000036619143
 0     -91.083873 ZINC000036619160
 0     -90.915258 ZINC000036619200
 0     -97.601224 ZINC000036619219
 0     -88.058152 ZINC000036619235
 0     -92.215248 ZINC000036619244
 0    -101.288355 ZINC000036619260
 0     -95.817509 ZINC000036619267
 0    -104.750837 ZINC000036619283
 0     -82.482501 ZINC000036619288
 0     -92.966565 ZINC000036619322
 0    -110.134444 ZINC000036619333
 0     -95.302440 ZINC000036619347
 0    -107.683930 ZINC000036619360
 0     -96.867148 ZINC000036619376
 0     -90.652902 ZINC000036619385
 0     -99.671289 ZINC000036619415
 0    -115.549087 ZINC000036619421
 0     -91.617101 ZINC000036619447
 0     -92.553935 ZINC000036619482
 0    -102.155137 ZINC000036619487
 0    -108.998040 ZINC000036619491
 0    -107.685842 ZINC000036619494
 0    -100.182800 ZINC000036619499
 0     -98.171523 ZINC000036619503
 0    -112.440817 ZINC000036619527
 0    -113.022057 ZINC000036619532
 0     -89.664052 ZINC000036688997
 0     -85.107487 ZINC000038011998
 0    -110.863325 ZINC000038449853
 0     -80.659652 ZINC000038486581
 0    -103.628432 ZINC000038653220
 0    -101.256152 ZINC000039300628
 0     -92.805820 ZINC000040040259
 0     -96.476144 ZINC000040087707
 0     -92.181167 ZINC000040128162
 0    -100.188979 ZINC000040130727
 0     -88.731717 ZINC000040135245
 0     -86.156128 ZINC000040139261
 0     -79.273826 ZINC000040139262
 0     -88.027455 ZINC000040139263
 0     -95.527575 ZINC000040139264
 0     -94.811316 ZINC000040139277
 0     -89.340635 ZINC000040139278
 0     -93.158791 ZINC000040139284
 0     -86.164806 ZINC000040139285
 0     -88.390556 ZINC000040144909
 0     -88.723414 ZINC000040155574
 0     -86.089942 ZINC000040155579
 0     -75.651451 ZINC000040227528
 0    -103.415302 ZINC000040384499
 0     -76.540026 ZINC000041121003
 0     -86.485633 ZINC000041121030
 0     -87.392798 ZINC000041121145
 0     -79.484988 ZINC000041121181
 0     -80.368235 ZINC000041121193
 0     -85.222313 ZINC000041122911
 0     -76.002687 ZINC000041122917
 0     -85.846174 ZINC000041122919
 0     -76.531237 ZINC000041123815
 0     -95.358441 ZINC000041123940
 0     -84.123118 ZINC000041127700
 0     -80.476661 ZINC000041160105
 0    -107.918009 ZINC000041195118
 0     -98.070679 ZINC000041195121
 0     -89.805007 ZINC000041529337
 0     -85.490510 ZINC000041529368
 0    -109.437794 ZINC000043203317
 0     -93.247306 ZINC000044500808
 0     -84.500953 ZINC000044999609
 0     -82.012715 ZINC000046087787
 0     -81.457342 ZINC000046087793
 0     -80.154697 ZINC000046087799
 0     -85.287578 ZINC000047457877
 0    -100.737031 ZINC000048231334
 0     -72.383792 ZINC000048252221
 0     -79.923936 ZINC000048286479
 0     -90.579217 ZINC000048286695
 0     -96.313564 ZINC000048287225
 0     -90.739178 ZINC000048299040
 0     -98.639269 ZINC000048332252
 0     -85.309613 ZINC000048333276
 0     -97.390701 ZINC000048356471
 0     -76.680939 ZINC000048571360
 0     -90.444786 ZINC000049004766
 0     -98.215049 ZINC000049005037
 0     -91.111006 ZINC000049005087
 0     -97.343119 ZINC000050931224
 0     -95.302472 ZINC000052359877
 0     -81.085073 ZINC000052473318
 0     -81.036072 ZINC000052487394
 0     -74.541492 ZINC000052487395
 0     -83.847450 ZINC000052487400
 0     -75.446590 ZINC000052487413
 0     -82.894676 ZINC000052487456
 0     -79.964282 ZINC000053583066
 0     -77.253711 ZINC000053583067
 0     -83.384358 ZINC000054418187
 0     -85.137668 ZINC000055072714
 0     -79.300494 ZINC000055133235
 0     -85.236654 ZINC000055182591
 0     -91.069534 ZINC000055325365
 0     -79.616325 ZINC000055326120
 0     -75.103441 ZINC000055342502
 0     -82.503690 ZINC000055342504
 0     -83.033210 ZINC000055343076
 0     -80.618532 ZINC000055343081
 0     -88.589050 ZINC000055387239
 0     -87.714545 ZINC000055404593
 0     -73.210027 ZINC000055412957
 0     -88.843178 ZINC000055414312
 0     -82.705269 ZINC000055543966
 0     -90.343642 ZINC000055568797
 0     -85.361066 ZINC000057148962
 0     -84.988462 ZINC000057148976
 0     -90.772476 ZINC000057148977
 0     -82.737106 ZINC000057279175
 0     -76.885692 ZINC000057279189
 0     -81.565789 ZINC000057279232
 0     -75.609407 ZINC000057279833
 0     -76.879824 ZINC000057280190
 0     -89.509745 ZINC000057280205
 0     -78.061327 ZINC000057312376
 0     -83.235383 ZINC000057312381
 0     -79.037541 ZINC000057312389
 0     -72.719167 ZINC000057312392
 0     -73.035412 ZINC000057312393
 0     -82.430606 ZINC000057312551
 0     -71.158496 ZINC000057312556
 0     -79.175231 ZINC000057312559
 0     -76.996546 ZINC000057312561
 0     -85.861152 ZINC000057313528
 0     -79.238189 ZINC000057355555
 0     -77.031871 ZINC000057355560
 0     -78.351949 ZINC000057355562
 0     -71.826756 ZINC000057355563
 0     -78.197458 ZINC000057355818
 0     -75.636102 ZINC000057355823
 0     -82.499390 ZINC000057355977
 0     -78.852690 ZINC000057355981
 0     -83.810484 ZINC000057355982
 0     -81.062406 ZINC000057355983
 0     -81.842340 ZINC000057355984
 0     -76.395364 ZINC000057356037
 0     -82.860013 ZINC000057364291
 0    -104.835093 ZINC000057366530
 0    -100.322188 ZINC000057366532
 0     -91.620095 ZINC000057432173
 0     -85.679309 ZINC000057477636
 0     -80.869259 ZINC000057568179
 0     -79.975361 ZINC000057662947
 0     -97.390529 ZINC000057709839
 0     -98.051324 ZINC000057730917
 0     -86.464900 ZINC000058158729
 0     -96.614740 ZINC000058160292
 0     -89.050077 ZINC000058282764
 0     -99.436898 ZINC000058305065
 0    -103.475778 ZINC000058341265
 0    -103.143984 ZINC000058378492
 0     -99.014981 ZINC000058392145
 0     -88.091688 ZINC000058393356
 0     -84.831723 ZINC000058406791
 0     -79.219894 ZINC000058407142
 0    -101.510872 ZINC000058916148
 0     -81.719354 ZINC000059258114
 0     -79.888308 ZINC000059266233
 0     -96.485847 ZINC000059289967
 0     -99.721130 ZINC000059603091
 0     -95.786888 ZINC000059620562
 0    -107.938399 ZINC000059620797
 0     -94.110570 ZINC000060277669
 0     -87.634006 ZINC000060790369
 0     -84.263324 ZINC000061174625
 0     -80.270899 ZINC000061721776
 0    -106.700479 ZINC000061997291
 0    -110.193966 ZINC000061997292
 0    -112.475206 ZINC000061997293
 0     -89.637435 ZINC000061997296
 0     -94.453749 ZINC000061997297
 0     -99.698859 ZINC000061997298
 0    -103.831225 ZINC000061997299
 0     -89.273361 ZINC000062571966
 0     -99.524236 ZINC000062620517
 0     -72.104108 ZINC000063447270
 0     -87.007389 ZINC000063736288
 0     -84.616233 ZINC000063958425
 0     -88.616474 ZINC000064471611
 0     -83.647500 ZINC000064471923
 0     -90.630565 ZINC000064658320
 0     -96.588602 ZINC000064791383
 0    -105.853588 ZINC000064791439
 0     -90.145154 ZINC000065322713
 0     -84.736808 ZINC000065372066
 0     -79.897893 ZINC000065372067
 0     -92.366568 ZINC000065373258
 0     -74.037738 ZINC000065381892
 0     -73.345704 ZINC000065386753
 0     -88.413772 ZINC000065403427
 0     -79.334357 ZINC000065410160
 0     -77.063641 ZINC000065410161
 0     -95.851785 ZINC000065435878
 0     -85.289624 ZINC000065436191
 0     -90.448311 ZINC000065436193
 0     -80.767279 ZINC000065465428
 0     -86.268354 ZINC000065473710
 0     -84.535216 ZINC000065490113
 0     -84.200426 ZINC000065512021
 0     -90.162898 ZINC000065534574
 0     -85.831126 ZINC000065535595
 0     -87.307757 ZINC000065536643
 0     -88.451085 ZINC000065562322
 0     -85.644954 ZINC000067460315
 0     -83.755118 ZINC000067489769
 0     -90.441123 ZINC000067491291
 0     -86.911117 ZINC000067491293
 0     -78.991565 ZINC000067673876
 0     -95.293663 ZINC000067690763
 0     -78.303290 ZINC000067755871
 0     -83.371515 ZINC000067756363
 0     -91.604513 ZINC000067758689
 0     -97.709983 ZINC000067769806
 0     -82.509049 ZINC000067772641
 0     -86.921705 ZINC000067772974
 0     -86.151732 ZINC000067805768
 0     -87.920016 ZINC000067805975
 0     -79.946672 ZINC000067880961
 0     -92.694512 ZINC000067905237
 0     -93.705489 ZINC000067935183
 0     -92.734667 ZINC000067956383
 0     -97.713128 ZINC000067973806
 0     -97.990624 ZINC000069192816
 0     -85.647073 ZINC000069349496
 0     -88.524041 ZINC000069433064
 0     -90.109317 ZINC000069698260
 0     -81.231973 ZINC000069814332
 0     -93.886775 ZINC000070448411
 0     -84.793305 ZINC000071280426
 0     -81.450827 ZINC000071282031
 0    -100.029961 ZINC000071405488
 0    -103.706018 ZINC000071405490
 0     -85.340802 ZINC000071459187
 0     -79.644171 ZINC000071459209
 0     -79.155011 ZINC000071459216
 0     -75.693374 ZINC000071459241
 0     -78.386066 ZINC000071459315
 0    -115.516074 ZINC000071775317
 0    -100.566171 ZINC000071775318
 0    -113.247245 ZINC000071775320
 0     -94.105881 ZINC000071807907
 0     -78.863475 ZINC000071816912
 0     -98.091991 ZINC000071849963
 0    -100.889455 ZINC000071896743
 0     -80.071198 ZINC000071899472
 0     -89.260328 ZINC000071903559
 0     -79.591637 ZINC000071914132
 0     -88.477746 ZINC000071915181
 0     -98.911919 ZINC000071915182
 0     -99.101487 ZINC000071920842
 0     -83.921907 ZINC000072138705
 0     -79.614522 ZINC000072138870
 0     -82.385837 ZINC000072138871
 0     -75.442264 ZINC000072142125
 0     -92.168075 ZINC000072143068
 0     -79.270449 ZINC000072145024
 0     -78.801656 ZINC000072148184
 0     -95.973716 ZINC000072150224
 0     -92.265256 ZINC000072154152
 0     -92.400104 ZINC000072161156
 0     -79.431544 ZINC000072161313
 0     -77.583051 ZINC000072161314
 0     -88.833532 ZINC000072163054
 0     -84.308157 ZINC000072163055
 0     -86.778888 ZINC000072165188
 0    -117.667603 ZINC000072165277
 0     -90.174160 ZINC000072166993
 0     -85.771477 ZINC000072171308
 0     -86.482144 ZINC000072171309
 0     -89.675689 ZINC000072172513
 0     -80.243877 ZINC000072237833
 0     -75.519742 ZINC000072237835
 0     -74.941606 ZINC000072238314
 0     -84.143175 ZINC000072238317
 0     -75.201092 ZINC000072238319
 0     -97.593519 ZINC000072238510
 0     -79.352887 ZINC000072240708
 0     -73.484005 ZINC000072240721
 0     -84.801372 ZINC000072251408
 0     -92.610654 ZINC000072273079
 0     -87.533019 ZINC000072281908
 0     -88.000827 ZINC000072288256
 0     -91.424065 ZINC000072296137
 0    -100.167976 ZINC000072310995
 0     -98.157220 ZINC000072310998
 0     -88.806962 ZINC000072312223
 0     -92.187538 ZINC000072312224
 0     -84.419451 ZINC000072337431
 0     -80.662573 ZINC000072342055
 0     -94.493049 ZINC000072408528
 0     -87.689393 ZINC000072410723
 0     -81.575011 ZINC000072411269
 0     -77.789112 ZINC000072418529
 0     -82.521484 ZINC000072419228
 0    -101.271409 ZINC000072423041
 0     -75.555936 ZINC000072425657
 0     -93.831864 ZINC000072426866
 0     -84.849919 ZINC000072427088
 0     -87.372996 ZINC000072427089
 0     -81.082395 ZINC000072428890
 0     -87.722312 ZINC000072430861
 0     -89.620709 ZINC000072431350
 0     -77.095393 ZINC000072432975
 0     -94.578287 ZINC000072435661
 0     -79.952381 ZINC000072435972
 0     -84.854265 ZINC000072447720
 0     -90.421136 ZINC000072453662
 0     -93.352189 ZINC000072453663
 0     -92.271174 ZINC000072457088
 0    -102.017483 ZINC000072463211
 0     -88.362301 ZINC000072463212
 0     -87.423972 ZINC000072468589
 0     -89.505132 ZINC000072469230
 0    -100.990395 ZINC000072473718
 0     -81.703922 ZINC000072473873
 0     -79.027679 ZINC000072474739
 0     -88.507388 ZINC000072474798
 0     -75.206849 ZINC000072474956
 0     -89.021194 ZINC000072474961
 0     -90.551380 ZINC000072475145
 0     -88.566735 ZINC000072475157
 0     -79.646290 ZINC000072475158
 0     -78.356294 ZINC000072476103
 0     -82.444859 ZINC000072476567
 0     -75.748363 ZINC000072476568
 0     -79.497796 ZINC000072477591
 0     -84.355481 ZINC000072478812
 0     -85.192783 ZINC000072478871
 0     -84.899516 ZINC000072478872
 0     -83.139209 ZINC000072479024
 0     -83.334918 ZINC000072479025
 0     -90.909262 ZINC000072479292
 0     -91.433658 ZINC000072479293
 0     -86.292417 ZINC000072479941
 0     -78.378960 ZINC000072479942
 0     -79.112089 ZINC000072946923
 0     -80.594051 ZINC000072946926
 0     -80.888228 ZINC000075093190
 0    -100.817657 ZINC000075105529
 0     -82.658885 ZINC000075140977
 0     -86.023828 ZINC000075163986
 0     -91.276109 ZINC000076062989
 0     -88.278162 ZINC000076063689
 0     -88.370138 ZINC000076063692
 0     -78.100406 ZINC000076556595
 0     -84.022261 ZINC000076640245
 0    -102.164977 ZINC000077212787
 0     -81.980335 ZINC000077216471
 0     -91.633349 ZINC000077287002
 0    -107.349362 ZINC000077319512
 0     -82.712009 ZINC000077354566
 0     -98.033595 ZINC000077393907
 0     -84.415690 ZINC000078333441
 0     -92.455529 ZINC000079063667
 0    -101.317702 ZINC000079063688
 0     -99.688347 ZINC000079063698
 0     -75.820372 ZINC000080443364
 0     -74.335229 ZINC000083820567
 0     -92.563143 ZINC000084008411
 0     -81.493672 ZINC000084271667
 0     -74.112729 ZINC000084271746
 0     -84.281535 ZINC000084310593
 0     -83.174423 ZINC000084459698
 0     -81.338147 ZINC000088755237
 0     -86.926522 ZINC000089547634
 0     -89.818659 ZINC000089547637
 0     -83.422976 ZINC000089594192
 0     -90.673366 ZINC000089656108
 0     -92.390605 ZINC000089700459
 0     -81.000799 ZINC000089700464
 0     -97.349992 ZINC000089761963
 0     -79.890539 ZINC000089885490
 0     -94.991245 ZINC000089960289
 0     -89.025948 ZINC000090090418
 0     -79.299699 ZINC000090200840
 0     -87.392245 ZINC000090485237
 0     -76.249811 ZINC000091289011
 0     -85.065318 ZINC000091518955
 0     -93.960725 ZINC000091518956
 0     -89.626475 ZINC000091650605
 0     -86.011057 ZINC000091650608
 0     -84.860458 ZINC000092962439
 0     -78.799464 ZINC000094124647
 0     -93.435732 ZINC000095348817
 0     -93.016744 ZINC000095349383
 0     -82.440497 ZINC000095353437
 0     -79.283128 ZINC000095353438
 0     -90.914568 ZINC000095354200
 0    -105.544757 ZINC000095355707
 0     -78.157261 ZINC000095358761
 0     -80.331121 ZINC000095358991
 0     -86.970969 ZINC000095359023
 0     -90.498176 ZINC000095359994
 0     -88.793010 ZINC000095360193
 0     -93.766702 ZINC000095360410
 0     -90.440754 ZINC000095360602
 0     -75.962158 ZINC000095364660
 0    -102.529721 ZINC000095366108
 0     -92.241779 ZINC000095370907
 0     -91.325397 ZINC000095370908
 0     -92.329690 ZINC000095372021
 0     -82.087865 ZINC000095373293
 0     -81.666075 ZINC000095373294
 0    -101.729248 ZINC000095374079
 0     -88.030884 ZINC000095375668
 0     -89.820323 ZINC000095375926
 0     -89.898842 ZINC000095377849
 0     -75.671640 ZINC000095377990
 0     -86.010627 ZINC000095378544
 0     -98.693622 ZINC000095378545
 0     -86.347220 ZINC000095378597
 0     -84.170223 ZINC000095381912
 0     -87.609372 ZINC000095382899
 0     -89.375948 ZINC000095385235
 0     -87.739360 ZINC000095387513
 0     -89.419889 ZINC000095387699
 0     -91.364262 ZINC000095387700
 0     -90.630404 ZINC000095390614
 0     -79.351530 ZINC000095392927
 0     -86.522832 ZINC000095392928
 0     -93.397369 ZINC000095395458
 0     -90.825630 ZINC000095403306
 0     -91.257368 ZINC000095407156
 0     -96.376080 ZINC000095409776
 0     -85.564360 ZINC000095434841
 0     -99.920578 ZINC000095450208
 0     -81.270154 ZINC000095452082
 0     -97.596441 ZINC000095460526
 0    -106.610172 ZINC000095465985
 0     -87.895503 ZINC000095467566
 0     -93.441154 ZINC000095467595
 0     -94.323836 ZINC000095497101
 0     -90.040776 ZINC000095501544
 0     -83.277989 ZINC000095502155
 0     -83.530126 ZINC000095506274
 0     -92.929537 ZINC000095510086
 0     -91.714929 ZINC000095520170
 0     -84.103032 ZINC000095521764
 0    -103.547299 ZINC000095526338
 0     -97.323208 ZINC000095529645
 0     -87.643438 ZINC000095531016
 0     -85.623742 ZINC000095698519
 0     -78.524191 ZINC000095726824
 0     -78.083317 ZINC000095829776
 0     -98.080088 ZINC000095939694
 0     -74.296955 ZINC000095941847
 0     -93.900217 ZINC000095947024
 0     -95.298611 ZINC000095957006
 0     -83.181270 ZINC000095957748
 0     -90.050946 ZINC000095961068
 0     -87.267978 ZINC000095961070
 0     -90.053688 ZINC000095961073
 0     -82.564391 ZINC000095961702
 0     -81.565365 ZINC000095966390
 0     -90.658922 ZINC000095997569
 0     -92.108972 ZINC000096003515
 0     -77.115093 ZINC000096008850
 0     -83.870245 ZINC000096008861
 0     -96.771256 ZINC000096008865
 0    -100.185441 ZINC000096011132
 0     -91.542206 ZINC000096011406
 0     -80.531203 ZINC000096419416
 0     -85.444061 ZINC000096429502
 0     -82.401375 ZINC000096429779
 0     -79.532220 ZINC000096456171
 0     -85.232989 ZINC000097011739
 0     -81.278101 ZINC000097037685
 0     -90.765094 ZINC000097049871
 0     -87.715040 ZINC000097081448
 0     -94.431013 ZINC000097083827
 0     -86.309194 ZINC000097108415
 0     -91.903432 ZINC000097142402
 0     -93.717461 ZINC000097160080
 0     -87.559390 ZINC000097160087
 0     -78.790250 ZINC000097160189
 0     -78.244132 ZINC000097160215
 0     -86.979512 ZINC000097160216
 0     -80.511794 ZINC000097163549
 0     -78.698421 ZINC000097166061
 0     -87.058509 ZINC000097198000
 0     -80.968756 ZINC000097200161
 0     -85.982736 ZINC000097200381
 0     -86.216541 ZINC000097200382
 0    -100.437106 ZINC000097372936
 0     -93.167953 ZINC000097378964
 0     -95.933458 ZINC000097380064
 0     -84.611451 ZINC000097635148
 0     -94.144023 ZINC000097733049
 0     -99.154679 ZINC000097733051
 0    -108.472950 ZINC000097945697
 0     -86.698317 ZINC000097945946
 0    -100.142939 ZINC000097948253
 0    -100.696872 ZINC000097948724
 0    -108.743118 ZINC000098046275
 0     -95.688134 ZINC000098212685
 0     -91.111085 ZINC000100035493
 0    -102.364741 ZINC000100035495
 0    -100.193033 ZINC000100035547
 0    -100.207860 ZINC000100035551
 0    -107.060670 ZINC000100035672
 0     -97.489935 ZINC000100035676
 0     -99.879703 ZINC000100035756
 0     -91.753570 ZINC000100035758
 0     -99.441953 ZINC000100035896
 0     -90.003914 ZINC000100035898
 0    -101.011873 ZINC000100036033
 0    -101.214747 ZINC000100036036
 0    -109.474052 ZINC000100036091
 0    -114.580377 ZINC000100036092
 0     -87.055204 ZINC000100036173
 0     -93.476390 ZINC000100036176
 0    -104.583893 ZINC000100036257
 0    -106.234975 ZINC000100036260
 0    -100.297883 ZINC000102749003
 0     -89.194381 ZINC000102935520
 0    -103.114613 ZINC000104381598
 0     -83.715605 ZINC000109070490
 0     -93.499112 ZINC000111227123
 0     -78.986745 ZINC000118198914
 0     -86.399268 ZINC000127140268
 0     -91.400441 ZINC000130377425
 0     -81.799178 ZINC000139415087
 0    -102.947312 ZINC000150295519
 0    -111.165511 ZINC000150374843
 0    -100.864637 ZINC000150374964
 0     -85.460175 ZINC000153531276
 0     -86.419101 ZINC000153540796
 0     -88.505365 ZINC000153540908
 0     -87.506628 ZINC000153580361
 0     -89.390365 ZINC000170088683
 0     -82.131218 ZINC000170596750
 0     -81.412168 ZINC000170598537
 0     -85.575572 ZINC000170598758
 0     -90.371920 ZINC000170601959
 0     -86.645494 ZINC000170612098
 0     -89.287340 ZINC000170618095
 0     -81.738209 ZINC000170619616
 0     -96.791563 ZINC000170619670
 0     -78.510319 ZINC000170673563
 0     -99.712922 ZINC000172011872
 0     -92.218005 ZINC000177616730
 0     -98.336292 ZINC000178781112
 0     -85.805998 ZINC000184080214
 0     -86.026556 ZINC000189898739
 0     -98.975520 ZINC000189898755
 0     -89.671354 ZINC000190415087
 0     -90.472997 ZINC000190571312
 0     -81.315819 ZINC000191319836
 0     -86.354981 ZINC000191854788
 0     -93.141881 ZINC000192500070
 0     -95.475563 ZINC000192516561
 0     -76.055811 ZINC000193370352
 0     -87.702631 ZINC000193387810
 0     -86.542650 ZINC000195545112
 0     -84.535740 ZINC000195578600
 0     -95.886145 ZINC000195578601
 0     -92.087587 ZINC000215869465
 0     -86.663598 ZINC000215869509
 0     -91.286554 ZINC000216506524
 0    -104.679114 ZINC000222975826
 0     -85.936020 ZINC000222984965
 0     -91.587874 ZINC000222990386
 0     -83.463767 ZINC000223148460
 0     -85.134268 ZINC000223148546
 0     -86.609680 ZINC000223478190
 0     -91.056241 ZINC000225386983
 0     -76.387941 ZINC000225539163
 0    -101.283434 ZINC000225541273
 0     -88.199951 ZINC000225600740
 0     -90.650586 ZINC000225667857
 0     -92.255655 ZINC000225749950
 0     -94.535992 ZINC000225799483
 0     -85.705162 ZINC000226096255
 0     -76.599701 ZINC000226096271
 0     -84.227708 ZINC000226096287
 0     -74.460431 ZINC000226688077
 0     -80.246912 ZINC000228921309
 0     -81.876023 ZINC000228923403
 0     -76.976761 ZINC000228929794
 0     -80.701369 ZINC000228935367
 0     -81.640864 ZINC000228937059
 0     -83.754099 ZINC000228940094
 0    -103.581848 ZINC000238899393
 0     -91.572319 ZINC000244708037
 0     -90.339275 ZINC000252490666
 0     -90.424813 ZINC000252492144
 0     -82.287532 ZINC000252497718
 0     -77.719076 ZINC000252510743
 0     -89.791930 ZINC000252510744
 0     -87.578561 ZINC000253396221
 0    -100.122810 ZINC000253401000
 0     -77.228850 ZINC000253416445
 0     -74.244223 ZINC000253416488
 0     -92.719996 ZINC000253416628
 0     -80.111398 ZINC000253426370
 0     -90.274997 ZINC000253426376
 0    -101.562744 ZINC000253535609
 0     -84.183451 ZINC000253630189
 0    -107.068091 ZINC000257208524
 0     -95.139906 ZINC000257212228
 0    -108.086556 ZINC000257237888
 0    -100.041689 ZINC000257315951
 0     -96.517896 ZINC000257328237
 0    -103.986263 ZINC000257354831
 0    -105.324482 ZINC000257354925
 0     -87.200432 ZINC000266138816
 0     -85.739454 ZINC000268027403
 0     -99.915176 ZINC000297640932
 0     -84.886152 ZINC000299760082
 0     -77.987218 ZINC000299762496
 0     -89.323521 ZINC000299785140
 0     -90.757921 ZINC000299799000
 0     -97.064482 ZINC000306122928
 0     -91.561458 ZINC000328645693
 0     -99.276700 ZINC000334159640
 0     -93.509467 ZINC000341476828
 0     -97.590242 ZINC000341476836
 0     -87.039400 ZINC000348773641
 0     -87.770418 ZINC000359841069
 0     -78.042857 ZINC000390823033
 0    -102.206737 ZINC000408576357
 0    -114.898984 ZINC000408710519
 0     -76.875593 ZINC000408758039
 0     -92.066692 ZINC000408972359
 0     -92.957391 ZINC000408972444
 0     -83.734232 ZINC000409390568
 0     -82.953559 ZINC000426399178
 0     -93.826442 ZINC000426497109
 0     -84.681946 ZINC000426505768
 0     -83.992624 ZINC000426505769
 0     -87.068570 ZINC000426519160
 0     -73.720683 ZINC000426519161
 0     -83.959120 ZINC000426582730
 0     -81.042075 ZINC000432124517
 0    -102.958621 ZINC000505733369
 0     -95.179168 ZINC000521394051
 0     -96.548510 ZINC000524734446
 0     -97.437370 ZINC000528127148
 0     -90.220245 ZINC000528134822
 0     -98.579456 ZINC000575615021
 0     -98.555060 ZINC000575619195
 0    -111.456450 ZINC000584906159
 0     -88.894945 ZINC000585084995
 0     -92.189420 ZINC000585114312
 0     -87.879937 ZINC000585114313
 0     -75.622630 ZINC000585128389
 0     -79.088555 ZINC000585129265
 0     -91.294655 ZINC000585132636
 0     -84.107773 ZINC000585132706
 0     -88.311473 ZINC000630332487
 0     -83.320356 ZINC000653474657
 0     -93.332546 ZINC000656472859
 0     -79.838000 ZINC000670461622
 0     -95.703819 ZINC000823717520
 0     -91.699602 ZINC000824935545
 0     -79.758624 ZINC000888092679
 0     -79.404120 ZINC000888095167
 0     -84.407886 ZINC000952962786
 0     -89.577468 ZINC000952965071
 0     -84.422618 ZINC000952968123
 0     -87.838032 ZINC000952974832
 0     -72.798073 ZINC000952976400
 0     -77.122712 ZINC000952982768
 0     -81.732002 ZINC000952987320
 0     -82.708147 ZINC000952992407
 0     -80.600788 ZINC000952995681
 0     -93.173922 ZINC001506403497
 0     -84.844008 ZINC001506404304
 0     -76.686792 ZINC001506405813
 0     -81.966188 ZINC001506407050
 0     -79.577925 ZINC001506415406
 0     -92.466654 ZINC001506415603
 0     -85.703027 ZINC001506417816
 0     -84.119678 ZINC001506420062
 0     -68.210537 ZINC001506429846
 0     -91.355954 ZINC001529095677
 0     -87.030693 ZINC001529099824
 0     -73.447902 ZINC001529100441
 0     -82.725385 ZINC001529112579
 0     -73.707419 ZINC001529113011
 0     -73.351978 ZINC001529113322
 0     -84.927862 ZINC001529113334
 0     -78.565293 ZINC001529119239
 0     -78.243739 ZINC001529134185
 0     -82.800560 ZINC001529139941
 0     -77.171658 ZINC001529155640
 0     -77.130057 ZINC001529161637
 0     -66.670532 ZINC001529172054
 0     -72.782418 ZINC001529172888
 0     -86.255580 ZINC001529174234
 0     -84.885109 ZINC001529181805
 0     -89.057845 ZINC001529191677
 0     -87.576619 ZINC001529191843
 0     -81.936941 ZINC001529191844
 0     -82.660095 ZINC001529196380
 0     -74.426513 ZINC001529196696
 0     -81.525095 ZINC001529196880
 0     -75.550739 ZINC001529199180
